------------------------------------------------------------
TimeQuest Timing Analyzer Summary
------------------------------------------------------------

Type  : Slow 1200mV 85C Model Setup 'inst3|altpll_component|auto_generated|pll1|clk[0]'
Slack : 13.351
TNS   : 0.000

Type  : Slow 1200mV 85C Model Setup 'clock'
Slack : 14.097
TNS   : 0.000

Type  : Slow 1200mV 85C Model Hold 'inst3|altpll_component|auto_generated|pll1|clk[0]'
Slack : 0.632
TNS   : 0.000

Type  : Slow 1200mV 85C Model Hold 'clock'
Slack : 2.525
TNS   : 0.000

Type  : Slow 1200mV 85C Model Recovery 'inst3|altpll_component|auto_generated|pll1|clk[0]'
Slack : 14.683
TNS   : 0.000

Type  : Slow 1200mV 85C Model Removal 'inst3|altpll_component|auto_generated|pll1|clk[0]'
Slack : 4.012
TNS   : 0.000

Type  : Slow 1200mV 85C Model Minimum Pulse Width 'clock'
Slack : 9.759
TNS   : 0.000

Type  : Slow 1200mV 85C Model Minimum Pulse Width 'inst3|altpll_component|auto_generated|pll1|clk[0]'
Slack : 9999.710
TNS   : 0.000

Type  : Slow 1200mV 0C Model Setup 'inst3|altpll_component|auto_generated|pll1|clk[0]'
Slack : 14.058
TNS   : 0.000

Type  : Slow 1200mV 0C Model Setup 'clock'
Slack : 14.306
TNS   : 0.000

Type  : Slow 1200mV 0C Model Hold 'inst3|altpll_component|auto_generated|pll1|clk[0]'
Slack : 0.580
TNS   : 0.000

Type  : Slow 1200mV 0C Model Hold 'clock'
Slack : 2.297
TNS   : 0.000

Type  : Slow 1200mV 0C Model Recovery 'inst3|altpll_component|auto_generated|pll1|clk[0]'
Slack : 15.292
TNS   : 0.000

Type  : Slow 1200mV 0C Model Removal 'inst3|altpll_component|auto_generated|pll1|clk[0]'
Slack : 3.527
TNS   : 0.000

Type  : Slow 1200mV 0C Model Minimum Pulse Width 'clock'
Slack : 9.757
TNS   : 0.000

Type  : Slow 1200mV 0C Model Minimum Pulse Width 'inst3|altpll_component|auto_generated|pll1|clk[0]'
Slack : 9999.710
TNS   : 0.000

Type  : Fast 1200mV 0C Model Setup 'inst3|altpll_component|auto_generated|pll1|clk[0]'
Slack : 16.513
TNS   : 0.000

Type  : Fast 1200mV 0C Model Setup 'clock'
Slack : 17.110
TNS   : 0.000

Type  : Fast 1200mV 0C Model Hold 'inst3|altpll_component|auto_generated|pll1|clk[0]'
Slack : 0.287
TNS   : 0.000

Type  : Fast 1200mV 0C Model Hold 'clock'
Slack : 0.915
TNS   : 0.000

Type  : Fast 1200mV 0C Model Recovery 'inst3|altpll_component|auto_generated|pll1|clk[0]'
Slack : 17.152
TNS   : 0.000

Type  : Fast 1200mV 0C Model Removal 'inst3|altpll_component|auto_generated|pll1|clk[0]'
Slack : 2.076
TNS   : 0.000

Type  : Fast 1200mV 0C Model Minimum Pulse Width 'clock'
Slack : 9.443
TNS   : 0.000

Type  : Fast 1200mV 0C Model Minimum Pulse Width 'inst3|altpll_component|auto_generated|pll1|clk[0]'
Slack : 9999.780
TNS   : 0.000

------------------------------------------------------------
